{
  "instrToOriginalMap": [
    [
      "154:1257:0",
      "0:133:0"
    ],
    [
      "818:85:0",
      "53:78:0"
    ],
    [
      "842:8:0",
      "65:8:0"
    ],
    [
      "843:6:0",
      "66:6:0"
    ],
    [
      "843:4:0",
      "66:4:0"
    ],
    [
      "867:6:0",
      "97:6:0"
    ],
    [
      "868:4:0",
      "98:4:0"
    ],
    [
      "868:4:0",
      "98:4:0"
    ],
    [
      "874:29:0",
      "104:27:0"
    ],
    [
      "884:12:0",
      "114:10:0"
    ],
    [
      "891:5:0",
      "121:3:0"
    ],
    [
      "891:1:0",
      "121:1:0"
    ],
    [
      "895:1:0",
      "123:1:0"
    ],
    [
      "1412:549:0",
      "0:15:1"
    ],
    [
      "1995:1576:0",
      "69:152:2"
    ],
    [
      "2037:1:0",
      "83:1:2"
    ],
    [
      "2037:1:0",
      "83:1:2"
    ],
    [
      "2040:1:0",
      "86:1:2"
    ],
    [
      "2040:1:0",
      "86:1:2"
    ],
    [
      "2743:85:0",
      "132:87:2"
    ],
    [
      "2767:8:0",
      "144:8:2"
    ],
    [
      "2768:6:0",
      "145:6:2"
    ],
    [
      "2768:4:0",
      "145:4:2"
    ],
    [
      "2792:6:0",
      "185:6:2"
    ],
    [
      "2793:4:0",
      "186:4:2"
    ],
    [
      "2793:4:0",
      "186:4:2"
    ],
    [
      "2799:29:0",
      "192:27:2"
    ],
    [
      "2809:12:0",
      "202:10:2"
    ],
    [
      "2816:5:0",
      "209:3:2"
    ],
    [
      "2816:1:0",
      "209:1:2"
    ],
    [
      "2820:1:0",
      "211:1:2"
    ],
    [
      "3572:682:0",
      "36:23:3"
    ],
    [
      "3614:1:0",
      "50:1:3"
    ],
    [
      "3614:1:0",
      "50:1:3"
    ],
    [
      "3617:1:0",
      "53:1:3"
    ],
    [
      "3617:1:0",
      "53:1:3"
    ],
    [
      "560:13:0",
      "23:25:0"
    ],
    [
      "2372:13:0",
      "23:25:0"
    ],
    [
      "2972:7:0",
      "41:27:2"
    ],
    [
      "2479:19:0",
      "100:27:2"
    ]
  ],
  "otherInstrumentation": [
    "112:38:0",
    "1190:46:0",
    "1280:34:0",
    "1324:35:0",
    "1369:33:0",
    "359:10:0",
    "520:26:0",
    "406:60:0",
    "476:34:0",
    "663:72:0",
    "745:60:0",
    "1740:46:0",
    "1830:34:0",
    "1874:35:0",
    "1919:33:0",
    "3238:46:0",
    "3294:46:0",
    "3350:46:0",
    "3440:34:0",
    "3484:35:0",
    "3529:33:0",
    "2171:10:0",
    "2332:26:0",
    "2218:60:0",
    "2288:34:0",
    "2588:72:0",
    "2670:60:0",
    "3921:46:0",
    "3977:46:0",
    "4033:46:0",
    "4123:34:0",
    "4167:35:0",
    "4212:33:0",
    "381:15:0",
    "2193:15:0"
  ],
  "propertyMap": [
    {
      "id": 0,
      "contract": "A",
      "filename": "test/multifile_samples/inheritance1/A.sol",
      "propertySource": "35:12:0",
      "annotationSource": "23:25:0",
      "target": "function",
      "targetName": "foo",
      "debugEventSignature": "",
      "message": "",
      "instrumentationRanges": [
        "589:27:0",
        "556:98:0",
        "2401:27:0",
        "2368:98:0"
      ],
      "checkRanges": [
        "560:13:0",
        "2372:13:0"
      ],
      "debugEventEncoding": [
         [
           "",
           ""
         ]
      ],
      "assertionRanges": [
        "589:27:0",
        "630:13:0",
        "2401:27:0",
        "2442:13:0"
      ]
    },
    {
      "id": 1,
      "contract": "C",
      "filename": "test/multifile_samples/inheritance1/C.sol",
      "propertySource": "63:4:2",
      "annotationSource": "41:27:2",
      "target": "contract",
      "targetName": "C",
      "debugEventSignature": "",
      "message": "P1",
      "instrumentationRanges": [
        "2995:29:0",
        "2968:94:0"
      ],
      "checkRanges": [
        "2972:7:0"
      ],
      "debugEventEncoding": [
         [
           "",
           ""
         ]
      ],
      "assertionRanges": [
        "2995:29:0",
        "3038:13:0"
      ]
    },
    {
      "id": 2,
      "contract": "C",
      "filename": "test/multifile_samples/inheritance1/C.sol",
      "propertySource": "112:14:2",
      "annotationSource": "100:27:2",
      "target": "function",
      "targetName": "foo",
      "debugEventSignature": "",
      "message": "",
      "instrumentationRanges": [
        "2514:27:0",
        "2475:104:0"
      ],
      "debugEventEncoding": [
         [
           "",
           ""
         ]
      ],
      "checkRanges": [
        "2479:19:0"
      ],
      "assertionRanges": [
        "2514:27:0",
        "2555:13:0"
      ]
    }
  ],
  "originalSourceList": [
    "test/multifile_samples/inheritance1/A.sol",
    "test/multifile_samples/inheritance1/B.sol",
    "test/multifile_samples/inheritance1/C.sol",
    "test/multifile_samples/inheritance1/D.sol"
  ],
  "instrSourceList": [
    "--"
  ]
}