{
  "instrToOriginalMap": [
    [
      "24:110:0",
      "26:86:0"
    ],
    [
      "43:15:0",
      "42:6:0"
    ],
    [
      "43:4:0",
      "42:4:0"
    ],
    [
      "65:67:0",
      "52:58:0"
    ],
    [
      "77:2:0",
      "64:2:0"
    ],
    [
      "100:6:0",
      "87:6:0"
    ],
    [
      "101:4:0",
      "88:4:0"
    ],
    [
      "101:4:0",
      "88:4:0"
    ],
    [
      "107:25:0",
      "94:16:0"
    ],
    [
      "117:8:0",
      "98:8:0"
    ],
    [
      "124:1:0",
      "105:1:0"
    ],
    [
      "265:37:0",
      "105:25:3"
    ],
    [
      "284:15:0",
      "121:6:3"
    ],
    [
      "284:4:0",
      "121:4:3"
    ],
    [
      "303:421:0",
      "74:423:4"
    ],
    [
      "319:3:0",
      "90:7:4"
    ],
    [
      "319:3:0",
      "90:7:4"
    ],
    [
      "329:15:0",
      "163:6:4"
    ],
    [
      "329:3:0",
      "163:3:4"
    ],
    [
      "350:15:0",
      "172:9:4"
    ],
    [
      "350:3:0",
      "172:6:4"
    ],
    [
      "371:15:0",
      "184:10:4"
    ],
    [
      "371:3:0",
      "184:7:4"
    ],
    [
      "393:75:0",
      "198:70:4"
    ],
    [
      "405:2:0",
      "210:2:4"
    ],
    [
      "428:6:0",
      "233:6:4"
    ],
    [
      "429:4:0",
      "234:4:4"
    ],
    [
      "429:4:0",
      "234:4:4"
    ],
    [
      "435:33:0",
      "240:28:4"
    ],
    [
      "445:16:0",
      "244:20:4"
    ],
    [
      "452:9:0",
      "251:13:4"
    ],
    [
      "452:7:0",
      "251:11:4"
    ],
    [
      "474:248:0",
      "271:224:4"
    ],
    [
      "487:2:0",
      "284:2:4"
    ],
    [
      "497:225:0",
      "294:201:4"
    ],
    [
      "507:17:0",
      "298:17:4"
    ],
    [
      "507:5:0",
      "298:5:4"
    ],
    [
      "507:3:0",
      "298:3:4"
    ],
    [
      "515:9:0",
      "306:9:4"
    ],
    [
      "515:7:0",
      "306:7:4"
    ],
    [
      "519:3:0",
      "310:3:4"
    ],
    [
      "534:17:0",
      "319:23:4"
    ],
    [
      "534:5:0",
      "319:8:4"
    ],
    [
      "534:3:0",
      "319:6:4"
    ],
    [
      "542:9:0",
      "330:12:4"
    ],
    [
      "542:7:0",
      "330:10:4"
    ],
    [
      "546:3:0",
      "334:6:4"
    ],
    [
      "561:17:0",
      "346:25:4"
    ],
    [
      "561:5:0",
      "346:9:4"
    ],
    [
      "561:3:0",
      "346:7:4"
    ],
    [
      "569:9:0",
      "358:13:4"
    ],
    [
      "569:7:0",
      "358:11:4"
    ],
    [
      "573:3:0",
      "362:7:4"
    ],
    [
      "588:17:0",
      "376:23:4"
    ],
    [
      "588:5:0",
      "376:8:4"
    ],
    [
      "588:3:0",
      "376:6:4"
    ],
    [
      "596:9:0",
      "387:12:4"
    ],
    [
      "596:7:0",
      "387:10:4"
    ],
    [
      "600:3:0",
      "391:6:4"
    ],
    [
      "615:51:0",
      "404:46:4"
    ],
    [
      "615:41:0",
      "404:32:4"
    ],
    [
      "615:39:0",
      "404:32:4"
    ],
    [
      "623:2:0",
      "412:2:4"
    ],
    [
      "648:6:0",
      "428:6:4"
    ],
    [
      "649:4:0",
      "429:4:4"
    ],
    [
      "649:4:0",
      "429:4:4"
    ],
    [
      "659:7:0",
      "439:11:4"
    ],
    [
      "676:14:0",
      "454:18:4"
    ],
    [
      "676:6:0",
      "454:6:4"
    ],
    [
      "676:4:0",
      "454:4:4"
    ],
    [
      "685:5:0",
      "463:9:4"
    ],
    [
      "700:15:0",
      "476:15:4"
    ],
    [
      "700:7:0",
      "476:7:4"
    ],
    [
      "700:4:0",
      "476:4:4"
    ],
    [
      "710:5:0",
      "486:5:4"
    ],
    [
      "710:3:0",
      "486:3:4"
    ]
  ],
  "otherInstrumentation": [
    "222:38:0"
  ],
  "propertyMap": [],
  "originalSourceList": [
    "test/multifile_samples/reexported_imports_05/imp1.sol",
    "/home/dimo/work/consensys/scribble-clean/test/multifile_samples/reexported_imports_05/__scribble_ReentrancyUtils.sol",
    "test/multifile_samples/reexported_imports_05/imp2.sol",
    "test/multifile_samples/reexported_imports_05/imp3.sol",
    "test/multifile_samples/reexported_imports_05/main.sol"
  ],
  "instrSourceList": [
    "--"
  ]
}