{
  "instrToOriginalMap": [
    [
      "66:19:0",
      "0:19:0"
    ],
    [
      "66:4:0",
      "0:4:0"
    ],
    [
      "84:1:0",
      "18:1:0"
    ],
    [
      "24:40:0",
      "22:40:0"
    ],
    [
      "43:6:0",
      "41:6:0"
    ],
    [
      "43:4:0",
      "41:4:0"
    ],
    [
      "55:6:0",
      "53:6:0"
    ],
    [
      "55:4:0",
      "53:4:0"
    ],
    [
      "88:74:0",
      "64:74:0"
    ],
    [
      "100:16:0",
      "76:16:0"
    ],
    [
      "101:14:0",
      "77:14:0"
    ],
    [
      "101:5:0",
      "77:5:0"
    ],
    [
      "101:5:0",
      "77:5:0"
    ],
    [
      "130:6:0",
      "106:6:0"
    ],
    [
      "131:4:0",
      "107:4:0"
    ],
    [
      "131:4:0",
      "107:4:0"
    ],
    [
      "137:25:0",
      "113:25:0"
    ],
    [
      "143:16:0",
      "119:16:0"
    ],
    [
      "150:9:0",
      "126:9:0"
    ],
    [
      "150:3:0",
      "126:3:0"
    ],
    [
      "150:1:0",
      "126:1:0"
    ],
    [
      "156:3:0",
      "132:3:0"
    ],
    [
      "156:1:0",
      "132:1:0"
    ],
    [
      "318:2598:0",
      "68:278:1"
    ],
    [
      "599:17:0",
      "124:8:1"
    ],
    [
      "599:4:0",
      "124:4:1"
    ],
    [
      "1153:709:0",
      "169:175:1"
    ],
    [
      "1181:17:0",
      "182:17:1"
    ],
    [
      "1182:15:0",
      "183:15:1"
    ],
    [
      "1182:6:0",
      "183:6:1"
    ],
    [
      "1182:4:0",
      "183:4:1"
    ],
    [
      "1207:655:0",
      "207:137:1"
    ],
    [
      "1586:270:0",
      "259:82:1"
    ],
    [
      "1591:10:0",
      "264:10:1"
    ],
    [
      "1591:6:0",
      "264:6:1"
    ],
    [
      "1591:4:0",
      "264:4:1"
    ],
    [
      "1600:1:0",
      "273:1:1"
    ],
    [
      "1603:12:0",
      "276:12:1"
    ],
    [
      "1603:1:0",
      "276:1:1"
    ],
    [
      "1607:8:0",
      "280:8:1"
    ],
    [
      "1607:1:0",
      "280:1:1"
    ],
    [
      "1617:3:0",
      "290:3:1"
    ],
    [
      "1617:3:0",
      "290:3:1"
    ],
    [
      "1617:1:0",
      "290:1:1"
    ],
    [
      "1622:234:0",
      "295:46:1"
    ],
    [
      "1811:34:0",
      "325:11:1"
    ],
    [
      "1811:34:0",
      "325:11:1"
    ],
    [
      "1840:4:0",
      "332:4:1"
    ],
    [
      "1840:1:0",
      "332:1:1"
    ],
    [
      "1842:1:0",
      "334:1:1"
    ],
    [
      "2917:1568:0",
      "136:268:2"
    ],
    [
      "2963:4:0",
      "154:6:2"
    ],
    [
      "2963:4:0",
      "154:6:2"
    ],
    [
      "3411:497:0",
      "167:235:2"
    ],
    [
      "3441:8:0",
      "181:8:2"
    ],
    [
      "3442:6:0",
      "182:6:2"
    ],
    [
      "3442:4:0",
      "182:4:2"
    ],
    [
      "3458:450:0",
      "197:205:2"
    ],
    [
      "3673:3:0",
      "283:3:2"
    ],
    [
      "3673:3:0",
      "283:3:2"
    ],
    [
      "3673:1:0",
      "283:1:2"
    ],
    [
      "3686:14:0",
      "297:16:2"
    ],
    [
      "3686:14:0",
      "297:16:2"
    ],
    [
      "3686:5:0",
      "297:7:2"
    ],
    [
      "3686:5:0",
      "297:7:2"
    ],
    [
      "3710:7:0",
      "323:7:2"
    ],
    [
      "3710:7:0",
      "323:7:2"
    ],
    [
      "3710:3:0",
      "323:3:2"
    ],
    [
      "3710:1:0",
      "323:1:2"
    ],
    [
      "3716:1:0",
      "329:1:2"
    ],
    [
      "3727:7:0",
      "340:7:2"
    ],
    [
      "3727:7:0",
      "340:7:2"
    ],
    [
      "3727:3:0",
      "340:3:2"
    ],
    [
      "3727:1:0",
      "340:1:2"
    ],
    [
      "3733:1:0",
      "346:1:2"
    ],
    [
      "3898:3:0",
      "392:3:2"
    ],
    [
      "3898:3:0",
      "392:3:2"
    ],
    [
      "3898:1:0",
      "392:1:2"
    ],
    [
      "2033:12:0",
      "47:20:1"
    ],
    [
      "870:16:0",
      "141:26:1"
    ],
    [
      "1460:14:0",
      "216:39:1"
    ],
    [
      "1668:11:0",
      "305:16:1"
    ],
    [
      "3496:65:0",
      "212:62:2"
    ],
    [
      "3772:14:0",
      "362:21:2"
    ],
    [
      "2776:29:0",
      "90:32:1"
    ]
  ],
  "otherInstrumentation": [
    "250:38:0",
    "2309:49:0",
    "2395:34:0",
    "2439:35:0",
    "2484:33:0",
    "810:22:0",
    "696:60:0",
    "766:34:0",
    "998:72:0",
    "1080:60:0",
    "4208:50:0",
    "4268:49:0",
    "4354:34:0",
    "4398:35:0",
    "4443:33:0",
    "3222:24:0",
    "3108:60:0",
    "3178:34:0",
    "3256:72:0",
    "3338:60:0",
    "2614:300:0",
    "2707:11:0",
    "2600:12:0",
    "2728:10:0",
    "1811:34:0",
    "671:15:0",
    "3083:15:0",
    "1217:15:0",
    "2624:15:0"
  ],
  "propertyMap": [
    {
      "id": 0,
      "contract": "Base",
      "filename": "test/multifile_samples/asserts/B.sol",
      "propertySource": "57:9:1",
      "annotationSource": "47:20:1",
      "target": "contract",
      "targetName": "Base",
      "debugEventEncoding": [
        [
          "",
          ""
        ]
      ],
      "message": "",
      "instrumentationRanges": [
        "2065:27:0",
        "2029:109:0"
      ],
      "checkRanges": [
        "2033:12:0"
      ],
      "assertionRanges": [
        "2065:27:0",
        "2110:13:0"
      ]
    },
    {
      "id": 1,
      "contract": "Base",
      "filename": "test/multifile_samples/asserts/B.sol",
      "propertySource": "101:20:1",
      "annotationSource": "90:32:1",
      "target": "variable",
      "targetName": "sum",
      "debugEventEncoding": [
        [
          "",
          ""
        ]
      ],
      "message": "",
      "instrumentationRanges": [
        "2673:14:0",
        "2825:27:0",
        "2772:126:0"
      ],
      "checkRanges": [
        "2776:29:0"
      ],
      "assertionRanges": [
        "2825:27:0",
        "2870:13:0"
      ]
    },
    {
      "id": 2,
      "contract": "Base",
      "filename": "test/multifile_samples/asserts/B.sol",
      "propertySource": "153:13:1",
      "annotationSource": "141:26:1",
      "target": "function",
      "targetName": "main",
      "debugEventEncoding": [
        [
          "",
          ""
        ]
      ],
      "message": "",
      "instrumentationRanges": [
        "906:27:0",
        "866:113:0"
      ],
      "checkRanges": [
        "870:16:0"
      ],
      "assertionRanges": [
        "906:27:0",
        "951:13:0"
      ]
    },
    {
      "id": 3,
      "contract": "Base",
      "filename": "test/multifile_samples/asserts/B.sol",
      "propertySource": "223:31:1",
      "annotationSource": "216:39:1",
      "target": "statement",
      "targetName": "",
      "debugEventEncoding": [
        [
          "",
          ""
        ]
      ],
      "message": "",
      "instrumentationRanges": [
        "1266:18:0",
        "1298:145:0",
        "1359:28:0",
        "1405:23:0",
        "1494:27:0",
        "1456:111:0"
      ],
      "checkRanges": [
        "1460:14:0"
      ],
      "assertionRanges": [
        "1494:27:0",
        "1539:13:0"
      ]
    },
    {
      "id": 4,
      "contract": "Base",
      "filename": "test/multifile_samples/asserts/B.sol",
      "propertySource": "312:8:1",
      "annotationSource": "305:16:1",
      "target": "statement",
      "targetName": "",
      "debugEventEncoding": [
        [
          "",
          ""
        ]
      ],
      "message": "",
      "instrumentationRanges": [
        "1703:27:0",
        "1664:120:0"
      ],
      "checkRanges": [
        "1668:11:0"
      ],
      "assertionRanges": [
        "1703:27:0",
        "1752:13:0"
      ]
    },
    {
      "id": 5,
      "contract": "Child",
      "filename": "test/multifile_samples/asserts/C.sol",
      "propertySource": "219:54:2",
      "annotationSource": "212:62:2",
      "target": "statement",
      "targetName": "",
      "debugEventEncoding": [
        [
          "",
          ""
        ]
      ],
      "message": "",
      "instrumentationRanges": [
        "3581:27:0",
        "3492:162:0"
      ],
      "checkRanges": [
        "3496:65:0"
      ],
      "assertionRanges": [
        "3581:27:0",
        "3626:13:0"
      ]
    },
    {
      "id": 6,
      "contract": "Child",
      "filename": "test/multifile_samples/asserts/C.sol",
      "propertySource": "369:13:2",
      "annotationSource": "362:21:2",
      "target": "statement",
      "targetName": "",
      "debugEventEncoding": [
        [
          "",
          ""
        ]
      ],
      "message": "",
      "instrumentationRanges": [
        "3806:27:0",
        "3768:111:0"
      ],
      "checkRanges": [
        "3772:14:0"
      ],
      "assertionRanges": [
        "3806:27:0",
        "3851:13:0"
      ]
    }
  ],
  "originalSourceList": [
    "test/multifile_samples/asserts/A.sol",
    "test/multifile_samples/asserts/B.sol",
    "test/multifile_samples/asserts/C.sol"
  ],
  "instrSourceList": [
    "--"
  ]
}
