{
  "propertyMap": [
    {
      "id": 0,
      "contract": "Base",
      "filename": "test/multifile_samples/proj1/base.sol",
      "propertySource": "52:5:0",
      "annotationSource": "30:28:0",
      "target": "contract",
      "targetName": "Base",
      "debugEventSignature": "",
      "message": "P0",
      "instrumentationRanges": [
        "472:29:0",
        "472:29:0",
        "444:95:0"
      ],
      "checkRange": "448:8:0"
    },
    {
      "id": 1,
      "contract": "Child1",
      "filename": "test/multifile_samples/proj1/child1.sol",
      "propertySource": "117:15:1",
      "annotationSource": "93:40:1",
      "target": "function",
      "targetName": "add",
      "debugEventSignature": "",
      "message": "P1",
      "instrumentationRanges": [
        "1252:12:0",
        "1349:29:0",
        "1349:29:0",
        "1307:109:0"
      ],
      "checkRange": "1311:22:0"
    },
    {
      "id": 2,
      "contract": "Child2",
      "filename": "test/multifile_samples/proj1/child2.sol",
      "propertySource": "117:14:1",
      "annotationSource": "93:39:1",
      "target": "function",
      "targetName": "double",
      "debugEventSignature": "",
      "message": "P2",
      "instrumentationRanges": [
        "2560:12:0",
        "2659:29:0",
        "2659:29:0",
        "2617:109:0"
      ],
      "checkRange": "2621:22:0"
    }
  ]
}