{
  "instrToOriginalMap": [
    [
      "8697:626:0",
      "24:715:0"
    ],
    [
      "8830:31:0",
      "62:23:0"
    ],
    [
      "8867:20:0",
      "120:34:0"
    ],
    [
      "8893:18:0",
      "161:9:0"
    ],
    [
      "8893:6:0",
      "161:6:0"
    ],
    [
      "8917:42:0",
      "195:44:0"
    ],
    [
      "8965:35:0",
      "273:26:0"
    ],
    [
      "9006:34:0",
      "346:26:0"
    ],
    [
      "9006:23:0",
      "346:24:0"
    ],
    [
      "9006:21:0",
      "346:22:0"
    ],
    [
      "9014:4:0",
      "355:4:0"
    ],
    [
      "9022:4:0",
      "363:4:0"
    ],
    [
      "9046:33:0",
      "417:26:0"
    ],
    [
      "9046:22:0",
      "417:24:0"
    ],
    [
      "9085:44:0",
      "483:44:0"
    ],
    [
      "9135:45:0",
      "566:44:0"
    ],
    [
      "9135:34:0",
      "566:42:0"
    ],
    [
      "9143:6:0",
      "575:6:0"
    ],
    [
      "8717:66:0",
      "617:68:0"
    ],
    [
      "8737:21:0",
      "637:23:0"
    ],
    [
      "8768:8:0",
      "670:8:0"
    ],
    [
      "8768:4:0",
      "670:4:0"
    ],
    [
      "8789:35:0",
      "691:35:0"
    ],
    [
      "8809:8:0",
      "711:8:0"
    ],
    [
      "8809:4:0",
      "711:4:0"
    ],
    [
      "8809:2:0",
      "711:2:0"
    ],
    [
      "8809:2:0",
      "711:2:0"
    ],
    [
      "9186:13:0",
      "732:4:0"
    ],
    [
      "9186:2:0",
      "732:2:0"
    ],
    [
      "9186:2:0",
      "732:2:0"
    ],
    [
      "9324:9186:0",
      "45:1840:1"
    ],
    [
      "9340:4:0",
      "61:4:1"
    ],
    [
      "9340:4:0",
      "61:4:1"
    ],
    [
      "10985:108:0",
      "123:70:1"
    ],
    [
      "11012:20:0",
      "136:20:1"
    ],
    [
      "11013:8:0",
      "137:8:1"
    ],
    [
      "11013:4:0",
      "137:4:1"
    ],
    [
      "11023:8:0",
      "147:8:1"
    ],
    [
      "11023:4:0",
      "147:4:1"
    ],
    [
      "11041:52:0",
      "164:29:1"
    ],
    [
      "11051:35:0",
      "174:12:1"
    ],
    [
      "11051:35:0",
      "174:12:1"
    ],
    [
      "11074:1:0",
      "174:1:1"
    ],
    [
      "11077:3:0",
      "176:3:1"
    ],
    [
      "11082:3:0",
      "183:3:1"
    ],
    [
      "11611:93:0",
      "250:56:1"
    ],
    [
      "11638:10:0",
      "263:10:1"
    ],
    [
      "11639:8:0",
      "264:8:1"
    ],
    [
      "11639:4:0",
      "264:4:1"
    ],
    [
      "11657:47:0",
      "281:25:1"
    ],
    [
      "11667:30:0",
      "291:8:1"
    ],
    [
      "11667:30:0",
      "291:8:1"
    ],
    [
      "11690:1:0",
      "291:1:1"
    ],
    [
      "11693:3:0",
      "293:3:1"
    ],
    [
      "12242:108:0",
      "374:72:1"
    ],
    [
      "12269:26:0",
      "387:26:1"
    ],
    [
      "12270:15:0",
      "388:15:1"
    ],
    [
      "12270:6:0",
      "388:6:1"
    ],
    [
      "12287:7:0",
      "405:7:1"
    ],
    [
      "12287:5:0",
      "405:5:1"
    ],
    [
      "12304:46:0",
      "421:25:1"
    ],
    [
      "12314:29:0",
      "431:8:1"
    ],
    [
      "12314:29:0",
      "431:8:1"
    ],
    [
      "12334:2:0",
      "431:1:1"
    ],
    [
      "12338:1:0",
      "433:1:1"
    ],
    [
      "12341:1:0",
      "438:1:1"
    ],
    [
      "13272:155:0",
      "541:83:1"
    ],
    [
      "13299:34:0",
      "554:34:1"
    ],
    [
      "13300:15:0",
      "555:15:1"
    ],
    [
      "13300:6:0",
      "555:6:1"
    ],
    [
      "13317:7:0",
      "572:7:1"
    ],
    [
      "13317:5:0",
      "572:5:1"
    ],
    [
      "13326:6:0",
      "581:6:1"
    ],
    [
      "13326:4:0",
      "581:4:1"
    ],
    [
      "13342:85:0",
      "596:28:1"
    ],
    [
      "13352:68:0",
      "606:11:1"
    ],
    [
      "13352:68:0",
      "606:11:1"
    ],
    [
      "13370:43:0",
      "606:4:1"
    ],
    [
      "13408:1:0",
      "606:1:1"
    ],
    [
      "13411:1:0",
      "608:1:1"
    ],
    [
      "13415:1:0",
      "611:1:1"
    ],
    [
      "13418:1:0",
      "616:1:1"
    ],
    [
      "13972:113:0",
      "689:71:1"
    ],
    [
      "13999:25:0",
      "702:25:1"
    ],
    [
      "14000:6:0",
      "703:6:1"
    ],
    [
      "14000:4:0",
      "703:4:1"
    ],
    [
      "14008:15:0",
      "711:15:1"
    ],
    [
      "14008:6:0",
      "711:6:1"
    ],
    [
      "14008:4:0",
      "711:4:1"
    ],
    [
      "14033:52:0",
      "735:25:1"
    ],
    [
      "14043:35:0",
      "745:8:1"
    ],
    [
      "14043:35:0",
      "745:8:1"
    ],
    [
      "14070:1:0",
      "745:1:1"
    ],
    [
      "14073:1:0",
      "747:1:1"
    ],
    [
      "14076:1:0",
      "752:1:1"
    ],
    [
      "14091:49:0",
      "766:49:1"
    ],
    [
      "14105:2:0",
      "780:2:1"
    ],
    [
      "14115:25:0",
      "790:25:1"
    ],
    [
      "14125:8:0",
      "800:8:1"
    ],
    [
      "14125:8:0",
      "800:8:1"
    ],
    [
      "14125:6:0",
      "800:6:1"
    ],
    [
      "14125:1:0",
      "800:1:1"
    ],
    [
      "14611:88:0",
      "875:73:1"
    ],
    [
      "14638:24:0",
      "888:24:1"
    ],
    [
      "14639:6:0",
      "889:6:1"
    ],
    [
      "14639:4:0",
      "889:4:1"
    ],
    [
      "14647:6:0",
      "897:6:1"
    ],
    [
      "14647:4:0",
      "897:4:1"
    ],
    [
      "14655:6:0",
      "905:6:1"
    ],
    [
      "14655:4:0",
      "905:4:1"
    ],
    [
      "14671:28:0",
      "920:28:1"
    ],
    [
      "14681:11:0",
      "930:11:1"
    ],
    [
      "14681:11:0",
      "930:11:1"
    ],
    [
      "14681:7:0",
      "930:7:1"
    ],
    [
      "14681:4:0",
      "930:4:1"
    ],
    [
      "14681:1:0",
      "930:1:1"
    ],
    [
      "14683:1:0",
      "932:1:1"
    ],
    [
      "14686:1:0",
      "935:1:1"
    ],
    [
      "14691:1:0",
      "940:1:1"
    ],
    [
      "14705:49:0",
      "954:49:1"
    ],
    [
      "14719:2:0",
      "968:2:1"
    ],
    [
      "14729:25:0",
      "978:25:1"
    ],
    [
      "14739:8:0",
      "988:8:1"
    ],
    [
      "14739:8:0",
      "988:8:1"
    ],
    [
      "14739:6:0",
      "988:6:1"
    ],
    [
      "14739:1:0",
      "988:1:1"
    ],
    [
      "15299:111:0",
      "1067:73:1"
    ],
    [
      "15326:24:0",
      "1080:24:1"
    ],
    [
      "15327:6:0",
      "1081:6:1"
    ],
    [
      "15327:4:0",
      "1081:4:1"
    ],
    [
      "15335:6:0",
      "1089:6:1"
    ],
    [
      "15335:4:0",
      "1089:4:1"
    ],
    [
      "15343:6:0",
      "1097:6:1"
    ],
    [
      "15343:4:0",
      "1097:4:1"
    ],
    [
      "15359:51:0",
      "1112:28:1"
    ],
    [
      "15369:34:0",
      "1122:11:1"
    ],
    [
      "15369:34:0",
      "1122:11:1"
    ],
    [
      "15392:4:0",
      "1122:4:1"
    ],
    [
      "15392:1:0",
      "1122:1:1"
    ],
    [
      "15394:1:0",
      "1124:1:1"
    ],
    [
      "15398:1:0",
      "1127:1:1"
    ],
    [
      "15401:1:0",
      "1132:1:1"
    ],
    [
      "15972:139:0",
      "1210:83:1"
    ],
    [
      "15999:34:0",
      "1223:34:1"
    ],
    [
      "16000:15:0",
      "1224:15:1"
    ],
    [
      "16000:6:0",
      "1224:6:1"
    ],
    [
      "16017:7:0",
      "1241:7:1"
    ],
    [
      "16017:5:0",
      "1241:5:1"
    ],
    [
      "16026:6:0",
      "1250:6:1"
    ],
    [
      "16026:4:0",
      "1250:4:1"
    ],
    [
      "16042:69:0",
      "1265:28:1"
    ],
    [
      "16052:52:0",
      "1275:11:1"
    ],
    [
      "16052:52:0",
      "1275:11:1"
    ],
    [
      "16052:48:0",
      "1275:7:1"
    ],
    [
      "16052:45:0",
      "1275:4:1"
    ],
    [
      "16092:1:0",
      "1275:1:1"
    ],
    [
      "16095:1:0",
      "1277:1:1"
    ],
    [
      "16098:1:0",
      "1280:1:1"
    ],
    [
      "16103:1:0",
      "1285:1:1"
    ],
    [
      "16661:116:0",
      "1358:83:1"
    ],
    [
      "16688:34:0",
      "1371:34:1"
    ],
    [
      "16689:15:0",
      "1372:15:1"
    ],
    [
      "16689:6:0",
      "1372:6:1"
    ],
    [
      "16706:7:0",
      "1389:7:1"
    ],
    [
      "16706:5:0",
      "1389:5:1"
    ],
    [
      "16715:6:0",
      "1398:6:1"
    ],
    [
      "16715:4:0",
      "1398:4:1"
    ],
    [
      "16731:46:0",
      "1413:28:1"
    ],
    [
      "16741:29:0",
      "1423:11:1"
    ],
    [
      "16741:29:0",
      "1423:11:1"
    ],
    [
      "16759:4:0",
      "1423:4:1"
    ],
    [
      "16759:1:0",
      "1423:1:1"
    ],
    [
      "16761:1:0",
      "1425:1:1"
    ],
    [
      "16765:1:0",
      "1428:1:1"
    ],
    [
      "16768:1:0",
      "1433:1:1"
    ],
    [
      "16783:53:0",
      "1447:53:1"
    ],
    [
      "16797:2:0",
      "1461:2:1"
    ],
    [
      "16807:29:0",
      "1471:29:1"
    ],
    [
      "16817:12:0",
      "1481:12:1"
    ],
    [
      "16817:12:0",
      "1481:12:1"
    ],
    [
      "16817:10:0",
      "1481:10:1"
    ],
    [
      "16817:5:0",
      "1481:5:1"
    ],
    [
      "16817:1:0",
      "1481:1:1"
    ],
    [
      "17425:129:0",
      "1589:92:1"
    ],
    [
      "17452:35:0",
      "1602:35:1"
    ],
    [
      "17453:8:0",
      "1603:8:1"
    ],
    [
      "17453:4:0",
      "1603:4:1"
    ],
    [
      "17463:15:0",
      "1613:15:1"
    ],
    [
      "17463:6:0",
      "1613:6:1"
    ],
    [
      "17480:6:0",
      "1630:6:1"
    ],
    [
      "17480:4:0",
      "1630:4:1"
    ],
    [
      "17496:58:0",
      "1645:36:1"
    ],
    [
      "17506:41:0",
      "1655:19:1"
    ],
    [
      "17506:41:0",
      "1655:19:1"
    ],
    [
      "17528:12:0",
      "1655:12:1"
    ],
    [
      "17528:10:0",
      "1655:10:1"
    ],
    [
      "17528:5:0",
      "1655:5:1"
    ],
    [
      "17528:1:0",
      "1655:1:1"
    ],
    [
      "17534:3:0",
      "1661:3:1"
    ],
    [
      "17542:1:0",
      "1668:1:1"
    ],
    [
      "17545:1:0",
      "1673:1:1"
    ],
    [
      "18378:130:0",
      "1790:93:1"
    ],
    [
      "18406:35:0",
      "1804:35:1"
    ],
    [
      "18407:8:0",
      "1805:8:1"
    ],
    [
      "18407:4:0",
      "1805:4:1"
    ],
    [
      "18417:15:0",
      "1815:15:1"
    ],
    [
      "18417:6:0",
      "1815:6:1"
    ],
    [
      "18434:6:0",
      "1832:6:1"
    ],
    [
      "18434:4:0",
      "1832:4:1"
    ],
    [
      "18450:58:0",
      "1847:36:1"
    ],
    [
      "18460:41:0",
      "1857:19:1"
    ],
    [
      "18460:41:0",
      "1857:19:1"
    ],
    [
      "18482:12:0",
      "1857:12:1"
    ],
    [
      "18482:10:0",
      "1857:10:1"
    ],
    [
      "18482:5:0",
      "1857:5:1"
    ],
    [
      "18482:1:0",
      "1857:1:1"
    ],
    [
      "18488:3:0",
      "1863:3:1"
    ],
    [
      "18496:1:0",
      "1870:1:1"
    ],
    [
      "18499:1:0",
      "1875:1:1"
    ],
    [
      "10856:14:0",
      "77:41:1"
    ],
    [
      "11482:14:0",
      "204:41:1"
    ],
    [
      "12113:14:0",
      "317:52:1"
    ],
    [
      "13143:14:0",
      "457:79:1"
    ],
    [
      "13843:14:0",
      "635:49:1"
    ],
    [
      "14482:14:0",
      "825:45:1"
    ],
    [
      "15170:14:0",
      "1014:48:1"
    ],
    [
      "15843:14:0",
      "1151:54:1"
    ],
    [
      "16532:14:0",
      "1304:49:1"
    ],
    [
      "17295:15:0",
      "1511:73:1"
    ],
    [
      "18247:15:0",
      "1692:93:1"
    ]
  ],
  "otherInstrumentation": [
    "111:38:0",
    "395:233:0",
    "693:317:0",
    "1101:182:0",
    "1092:7:0",
    "1232:6:0",
    "17506:21:0",
    "18460:21:0",
    "1629:233:0",
    "1919:308:0",
    "2304:182:0",
    "2298:4:0",
    "2435:6:0",
    "13352:17:0",
    "2838:233:0",
    "3130:310:0",
    "3525:182:0",
    "3516:7:0",
    "3656:6:0",
    "15369:22:0",
    "16741:17:0",
    "11051:22:0",
    "3783:76:0",
    "3770:11:0",
    "11667:22:0",
    "4213:233:0",
    "4511:317:0",
    "4915:182:0",
    "4908:5:0",
    "5046:6:0",
    "12314:19:0",
    "5459:233:0",
    "5757:317:0",
    "6597:233:0",
    "6889:310:0",
    "7303:90:0",
    "7284:17:0",
    "7342:6:0",
    "14043:26:0",
    "7770:233:0",
    "8068:317:0",
    "6172:61:0",
    "6147:23:0",
    "6182:6:0",
    "13370:37:0",
    "8490:61:0",
    "8458:30:0",
    "8500:6:0",
    "16052:39:0",
    "9267:54:0",
    "5178:37:0",
    "5171:5:0",
    "9284:19:0",
    "9254:11:0",
    "10534:28:0",
    "3936:37:0",
    "3927:7:0",
    "11165:23:0",
    "11792:24:0",
    "12446:27:0",
    "6332:37:0",
    "6307:23:0",
    "2558:37:0",
    "2552:4:0",
    "13514:24:0",
    "7480:37:0",
    "7461:17:0",
    "14226:27:0",
    "14840:27:0",
    "15506:27:0",
    "8657:37:0",
    "8625:30:0",
    "16207:27:0",
    "16933:29:0",
    "1366:37:0",
    "1357:7:0",
    "17653:30:0",
    "10509:15:0",
    "11140:15:0",
    "11767:15:0",
    "12421:15:0",
    "13489:15:0",
    "14201:15:0",
    "14815:15:0",
    "15481:15:0",
    "16182:15:0",
    "16908:15:0",
    "17627:16:0"
  ],
  "propertyMap": [
    {
      "id": 0,
      "contract": "Foo",
      "filename": "test/multifile_samples/forall_maps/child.sol",
      "propertySource": "89:28:1",
      "annotationSource": "77:41:1",
      "target": "function",
      "targetName": "setA",
      "debugEventEncoding": [
        [
          "",
          ""
        ]
      ],
      "message": "",
      "instrumentationRanges": [
        "10596:18:0",
        "10628:211:0",
        "10733:50:0",
        "10801:23:0",
        "10890:27:0",
        "10852:111:0"
      ],
      "checkRanges": [
        "10856:14:0"
      ],
      "assertionRanges": [
        "10890:27:0",
        "10935:13:0"
      ]
    },
    {
      "id": 1,
      "contract": "Foo",
      "filename": "test/multifile_samples/forall_maps/child.sol",
      "propertySource": "216:28:1",
      "annotationSource": "204:41:1",
      "target": "function",
      "targetName": "decA",
      "debugEventEncoding": [
        [
          "",
          ""
        ]
      ],
      "message": "",
      "instrumentationRanges": [
        "11222:18:0",
        "11254:211:0",
        "11359:50:0",
        "11427:23:0",
        "11516:27:0",
        "11478:111:0"
      ],
      "checkRanges": [
        "11482:14:0"
      ],
      "assertionRanges": [
        "11516:27:0",
        "11561:13:0"
      ]
    },
    {
      "id": 2,
      "contract": "Foo",
      "filename": "test/multifile_samples/forall_maps/child.sol",
      "propertySource": "329:39:1",
      "annotationSource": "317:52:1",
      "target": "function",
      "targetName": "setC",
      "debugEventEncoding": [
        [
          "",
          ""
        ]
      ],
      "message": "",
      "instrumentationRanges": [
        "11850:18:0",
        "11882:214:0",
        "11989:51:0",
        "12058:23:0",
        "12147:27:0",
        "12109:111:0"
      ],
      "checkRanges": [
        "12113:14:0"
      ],
      "assertionRanges": [
        "12147:27:0",
        "12192:13:0"
      ]
    },
    {
      "id": 3,
      "contract": "Foo",
      "filename": "test/multifile_samples/forall_maps/child.sol",
      "propertySource": "469:66:1",
      "annotationSource": "457:79:1",
      "target": "function",
      "targetName": "setD",
      "debugEventEncoding": [
        [
          "",
          ""
        ]
      ],
      "message": "",
      "instrumentationRanges": [
        "12507:18:0",
        "12539:587:0",
        "12644:18:0",
        "12680:348:0",
        "12877:87:0",
        "12986:23:0",
        "13045:25:0",
        "13088:23:0",
        "13177:27:0",
        "13139:111:0"
      ],
      "checkRanges": [
        "13143:14:0"
      ],
      "assertionRanges": [
        "13177:27:0",
        "13222:13:0"
      ]
    },
    {
      "id": 4,
      "contract": "Foo",
      "filename": "test/multifile_samples/forall_maps/child.sol",
      "propertySource": "647:36:1",
      "annotationSource": "635:49:1",
      "target": "function",
      "targetName": "setE",
      "debugEventEncoding": [
        [
          "",
          ""
        ]
      ],
      "message": "",
      "instrumentationRanges": [
        "13572:18:0",
        "13604:222:0",
        "13709:61:0",
        "13788:23:0",
        "13877:27:0",
        "13839:111:0"
      ],
      "checkRanges": [
        "13843:14:0"
      ],
      "assertionRanges": [
        "13877:27:0",
        "13922:13:0"
      ]
    },
    {
      "id": 5,
      "contract": "Foo",
      "filename": "test/multifile_samples/forall_maps/child.sol",
      "propertySource": "837:32:1",
      "annotationSource": "825:45:1",
      "target": "function",
      "targetName": "setF",
      "debugEventEncoding": [
        [
          "",
          ""
        ]
      ],
      "message": "",
      "instrumentationRanges": [
        "14287:18:0",
        "14319:146:0",
        "14380:29:0",
        "14427:23:0",
        "14516:27:0",
        "14478:111:0"
      ],
      "checkRanges": [
        "14482:14:0"
      ],
      "assertionRanges": [
        "14516:27:0",
        "14561:13:0"
      ]
    },
    {
      "id": 6,
      "contract": "Foo",
      "filename": "test/multifile_samples/forall_maps/child.sol",
      "propertySource": "1026:35:1",
      "annotationSource": "1014:48:1",
      "target": "function",
      "targetName": "setG",
      "debugEventEncoding": [
        [
          "",
          ""
        ]
      ],
      "message": "",
      "instrumentationRanges": [
        "14901:18:0",
        "14933:220:0",
        "15044:53:0",
        "15115:23:0",
        "15204:27:0",
        "15166:111:0"
      ],
      "checkRanges": [
        "15170:14:0"
      ],
      "assertionRanges": [
        "15204:27:0",
        "15249:13:0"
      ]
    },
    {
      "id": 7,
      "contract": "Foo",
      "filename": "test/multifile_samples/forall_maps/child.sol",
      "propertySource": "1163:41:1",
      "annotationSource": "1151:54:1",
      "target": "function",
      "targetName": "setH",
      "debugEventEncoding": [
        [
          "",
          ""
        ]
      ],
      "message": "",
      "instrumentationRanges": [
        "15567:18:0",
        "15599:227:0",
        "15704:66:0",
        "15788:23:0",
        "15877:27:0",
        "15839:111:0"
      ],
      "checkRanges": [
        "15843:14:0"
      ],
      "assertionRanges": [
        "15877:27:0",
        "15922:13:0"
      ]
    },
    {
      "id": 8,
      "contract": "Foo",
      "filename": "test/multifile_samples/forall_maps/child.sol",
      "propertySource": "1316:36:1",
      "annotationSource": "1304:49:1",
      "target": "function",
      "targetName": "setI",
      "debugEventEncoding": [
        [
          "",
          ""
        ]
      ],
      "message": "",
      "instrumentationRanges": [
        "16268:18:0",
        "16300:215:0",
        "16411:48:0",
        "16477:23:0",
        "16566:27:0",
        "16528:111:0"
      ],
      "checkRanges": [
        "16532:14:0"
      ],
      "assertionRanges": [
        "16566:27:0",
        "16611:13:0"
      ]
    },
    {
      "id": 9,
      "contract": "Foo",
      "filename": "test/multifile_samples/forall_maps/child.sol",
      "propertySource": "1523:60:1",
      "annotationSource": "1511:73:1",
      "target": "function",
      "targetName": "setJ",
      "debugEventEncoding": [
        [
          "",
          ""
        ]
      ],
      "message": "",
      "instrumentationRanges": [
        "16996:19:0",
        "17029:249:0",
        "17160:61:0",
        "17239:24:0",
        "17330:27:0",
        "17291:112:0"
      ],
      "checkRanges": [
        "17295:15:0"
      ],
      "assertionRanges": [
        "17330:27:0",
        "17375:13:0"
      ]
    },
    {
      "id": 10,
      "contract": "Foo",
      "filename": "test/multifile_samples/forall_maps/child.sol",
      "propertySource": "1704:80:1",
      "annotationSource": "1692:93:1",
      "target": "function",
      "targetName": "setJ2",
      "debugEventEncoding": [
        [
          "",
          ""
        ]
      ],
      "message": "",
      "instrumentationRanges": [
        "17717:19:0",
        "17750:480:0",
        "17818:19:0",
        "17855:274:0",
        "18000:64:0",
        "18086:24:0",
        "18146:27:0",
        "18191:24:0",
        "18282:28:0",
        "18243:113:0"
      ],
      "checkRanges": [
        "18247:15:0"
      ],
      "assertionRanges": [
        "18282:28:0",
        "18328:13:0"
      ]
    }
  ],
  "originalSourceList": [
    "test/multifile_samples/forall_maps/base.sol",
    "test/multifile_samples/forall_maps/child.sol"
  ],
  "instrSourceList": [
    "--"
  ]
}
