{
  "instrToOriginalMap": [
    [
      "1213:2916:0",
      "24:977:0"
    ],
    [
      "1276:24:0",
      "61:15:0"
    ],
    [
      "1276:6:0",
      "61:6:0"
    ],
    [
      "1276:4:0",
      "61:4:0"
    ],
    [
      "1296:4:0",
      "72:4:0"
    ],
    [
      "1297:2:0",
      "73:2:0"
    ],
    [
      "1306:17:0",
      "82:8:0"
    ],
    [
      "1306:6:0",
      "82:6:0"
    ],
    [
      "1306:4:0",
      "82:4:0"
    ],
    [
      "1652:71:0",
      "166:56:0"
    ],
    [
      "1680:8:0",
      "180:8:0"
    ],
    [
      "1681:6:0",
      "181:6:0"
    ],
    [
      "1681:4:0",
      "181:4:0"
    ],
    [
      "1697:26:0",
      "196:26:0"
    ],
    [
      "1707:9:0",
      "206:9:0"
    ],
    [
      "1707:9:0",
      "206:9:0"
    ],
    [
      "1707:6:0",
      "206:6:0"
    ],
    [
      "1707:1:0",
      "206:1:0"
    ],
    [
      "1714:1:0",
      "213:1:0"
    ],
    [
      "2060:77:0",
      "297:62:0"
    ],
    [
      "2087:16:0",
      "310:16:0"
    ],
    [
      "2088:6:0",
      "311:6:0"
    ],
    [
      "2088:4:0",
      "311:4:0"
    ],
    [
      "2096:6:0",
      "319:6:0"
    ],
    [
      "2096:4:0",
      "319:4:0"
    ],
    [
      "2112:25:0",
      "334:25:0"
    ],
    [
      "2122:8:0",
      "344:8:0"
    ],
    [
      "2122:8:0",
      "344:8:0"
    ],
    [
      "2122:4:0",
      "344:4:0"
    ],
    [
      "2122:1:0",
      "344:1:0"
    ],
    [
      "2124:1:0",
      "346:1:0"
    ],
    [
      "2129:1:0",
      "351:1:0"
    ],
    [
      "2462:71:0",
      "435:56:0"
    ],
    [
      "2490:8:0",
      "449:8:0"
    ],
    [
      "2491:6:0",
      "450:6:0"
    ],
    [
      "2491:4:0",
      "450:4:0"
    ],
    [
      "2507:26:0",
      "465:26:0"
    ],
    [
      "2517:9:0",
      "475:9:0"
    ],
    [
      "2517:9:0",
      "475:9:0"
    ],
    [
      "2517:6:0",
      "475:6:0"
    ],
    [
      "2517:1:0",
      "475:1:0"
    ],
    [
      "2524:1:0",
      "482:1:0"
    ],
    [
      "2867:77:0",
      "567:62:0"
    ],
    [
      "2894:16:0",
      "580:16:0"
    ],
    [
      "2895:6:0",
      "581:6:0"
    ],
    [
      "2895:4:0",
      "581:4:0"
    ],
    [
      "2903:6:0",
      "589:6:0"
    ],
    [
      "2903:4:0",
      "589:4:0"
    ],
    [
      "2919:25:0",
      "604:25:0"
    ],
    [
      "2929:8:0",
      "614:8:0"
    ],
    [
      "2929:8:0",
      "614:8:0"
    ],
    [
      "2929:4:0",
      "614:4:0"
    ],
    [
      "2929:1:0",
      "614:1:0"
    ],
    [
      "2931:1:0",
      "616:1:0"
    ],
    [
      "2936:1:0",
      "621:1:0"
    ],
    [
      "3281:58:0",
      "710:48:0"
    ],
    [
      "3310:18:0",
      "725:18:0"
    ],
    [
      "3311:16:0",
      "726:16:0"
    ],
    [
      "3311:7:0",
      "726:7:0"
    ],
    [
      "3311:5:0",
      "726:5:0"
    ],
    [
      "3337:2:0",
      "751:7:0"
    ],
    [
      "3694:65:0",
      "834:57:0"
    ],
    [
      "3728:20:0",
      "854:20:0"
    ],
    [
      "3729:18:0",
      "855:18:0"
    ],
    [
      "3729:7:0",
      "855:7:0"
    ],
    [
      "3729:5:0",
      "855:5:0"
    ],
    [
      "3757:2:0",
      "884:7:0"
    ],
    [
      "4061:66:0",
      "941:58:0"
    ],
    [
      "4097:19:0",
      "963:19:0"
    ],
    [
      "4098:17:0",
      "964:17:0"
    ],
    [
      "4098:6:0",
      "964:6:0"
    ],
    [
      "4098:4:0",
      "964:4:0"
    ],
    [
      "4125:2:0",
      "992:7:0"
    ],
    [
      "1430:107:0",
      "102:59:0"
    ],
    [
      "1838:107:0",
      "233:59:0"
    ],
    [
      "2243:104:0",
      "370:60:0"
    ],
    [
      "2648:104:0",
      "502:60:0"
    ],
    [
      "3062:104:0",
      "645:60:0"
    ],
    [
      "3471:108:0",
      "769:60:0"
    ],
    [
      "3894:52:0",
      "902:34:0"
    ]
  ],
  "otherInstrumentation": [
    "111:38:0",
    "1370:22:0",
    "272:113:0",
    "259:11:0",
    "1433:40:0",
    "1487:40:0",
    "1776:24:0",
    "1841:40:0",
    "1895:40:0",
    "2183:22:0",
    "475:113:0",
    "463:10:0",
    "2246:37:0",
    "2300:37:0",
    "2586:24:0",
    "2651:37:0",
    "2705:37:0",
    "3001:23:0",
    "678:113:0",
    "666:10:0",
    "3065:37:0",
    "3119:37:0",
    "3405:28:0",
    "885:113:0",
    "873:10:0",
    "3474:39:0",
    "3530:39:0",
    "3826:30:0",
    "1097:113:0",
    "1084:11:0",
    "3896:41:0"
  ],
  "propertyMap": [
    {
      "id": 0,
      "contract": "Foo",
      "filename": "test/multifile_samples/arr_sum/main.sol",
      "propertySource": "114:46:0",
      "annotationSource": "102:59:0",
      "target": "function",
      "targetName": "pushA",
      "debugEventEncoding": [
        [
          "",
          ""
        ]
      ],
      "message": "",
      "instrumentationRanges": [
        "1557:27:0",
        "1426:204:0"
      ],
      "checkRanges": [
        "1430:107:0"
      ],
      "assertionRanges": [
        "1557:27:0",
        "1602:13:0"
      ]
    },
    {
      "id": 1,
      "contract": "Foo",
      "filename": "test/multifile_samples/arr_sum/main.sol",
      "propertySource": "245:46:0",
      "annotationSource": "233:59:0",
      "target": "function",
      "targetName": "setA",
      "debugEventEncoding": [
        [
          "",
          ""
        ]
      ],
      "message": "",
      "instrumentationRanges": [
        "1965:27:0",
        "1834:204:0"
      ],
      "checkRanges": [
        "1838:107:0"
      ],
      "assertionRanges": [
        "1965:27:0",
        "2010:13:0"
      ]
    },
    {
      "id": 2,
      "contract": "Foo",
      "filename": "test/multifile_samples/arr_sum/main.sol",
      "propertySource": "382:47:0",
      "annotationSource": "370:60:0",
      "target": "function",
      "targetName": "pushB",
      "debugEventEncoding": [
        [
          "",
          ""
        ]
      ],
      "message": "",
      "instrumentationRanges": [
        "2367:27:0",
        "2239:201:0"
      ],
      "checkRanges": [
        "2243:104:0"
      ],
      "assertionRanges": [
        "2367:27:0",
        "2412:13:0"
      ]
    },
    {
      "id": 3,
      "contract": "Foo",
      "filename": "test/multifile_samples/arr_sum/main.sol",
      "propertySource": "514:47:0",
      "annotationSource": "502:60:0",
      "target": "function",
      "targetName": "setB",
      "debugEventEncoding": [
        [
          "",
          ""
        ]
      ],
      "message": "",
      "instrumentationRanges": [
        "2772:27:0",
        "2644:201:0"
      ],
      "checkRanges": [
        "2648:104:0"
      ],
      "assertionRanges": [
        "2772:27:0",
        "2817:13:0"
      ]
    },
    {
      "id": 4,
      "contract": "Foo",
      "filename": "test/multifile_samples/arr_sum/main.sol",
      "propertySource": "657:47:0",
      "annotationSource": "645:60:0",
      "target": "function",
      "targetName": "memArr",
      "debugEventEncoding": [
        [
          "",
          ""
        ]
      ],
      "message": "",
      "instrumentationRanges": [
        "3186:27:0",
        "3058:201:0"
      ],
      "checkRanges": [
        "3062:104:0"
      ],
      "assertionRanges": [
        "3186:27:0",
        "3231:13:0"
      ]
    },
    {
      "id": 5,
      "contract": "Foo",
      "filename": "test/multifile_samples/arr_sum/main.sol",
      "propertySource": "781:47:0",
      "annotationSource": "769:60:0",
      "target": "function",
      "targetName": "calldataArr",
      "debugEventEncoding": [
        [
          "",
          ""
        ]
      ],
      "message": "",
      "instrumentationRanges": [
        "3599:27:0",
        "3467:205:0"
      ],
      "checkRanges": [
        "3471:108:0"
      ],
      "assertionRanges": [
        "3599:27:0",
        "3644:13:0"
      ]
    },
    {
      "id": 6,
      "contract": "Foo",
      "filename": "test/multifile_samples/arr_sum/main.sol",
      "propertySource": "914:21:0",
      "annotationSource": "902:34:0",
      "target": "function",
      "targetName": "overflowCheck",
      "debugEventEncoding": [
        [
          "",
          ""
        ]
      ],
      "message": "",
      "instrumentationRanges": [
        "3966:27:0",
        "3890:149:0"
      ],
      "checkRanges": [
        "3894:52:0"
      ],
      "assertionRanges": [
        "3966:27:0",
        "4011:13:0"
      ]
    }
  ],
  "originalSourceList": [
    "test/multifile_samples/arr_sum/main.sol"
  ],
  "instrSourceList": [
    "--"
  ]
}
